// Jest Snapshot v1, https://goo.gl/fbAQLP

exports[`Row renders a default row 1`] = `
<div
  className="row"
/>
`;

exports[`Row renders a row with boolean props 1`] = `
<div
  className="row collapse"
/>
`;

exports[`Row renders a row with boolean props 2`] = `
<div
  className="row expanded"
/>
`;

exports[`Row renders a row with breakpoints boolean props 1`] = `
<div
  className="row small-collapse"
/>
`;

exports[`Row renders a row with breakpoints boolean props 2`] = `
<div
  className="row small-uncollapse"
/>
`;

exports[`Row renders a row with breakpoints boolean props 3`] = `
<div
  className="row medium-collapse"
/>
`;

exports[`Row renders a row with breakpoints boolean props 4`] = `
<div
  className="row medium-uncollapse"
/>
`;

exports[`Row renders a row with breakpoints boolean props 5`] = `
<div
  className="row large-collapse"
/>
`;

exports[`Row renders a row with breakpoints boolean props 6`] = `
<div
  className="row large-uncollapse"
/>
`;

exports[`Row renders a row with breakpoints boolean props 7`] = `
<div
  className="row xlarge-collapse"
/>
`;

exports[`Row renders a row with breakpoints boolean props 8`] = `
<div
  className="row xlarge-uncollapse"
/>
`;

exports[`Row renders a row with numeric props 1`] = `
<div
  className="row small-up-1"
/>
`;

exports[`Row renders a row with numeric props 2`] = `
<div
  className="row medium-up-1"
/>
`;

exports[`Row renders a row with numeric props 3`] = `
<div
  className="row large-up-1"
/>
`;

exports[`Row renders a row with numeric props 4`] = `
<div
  className="row xlarge-up-1"
/>
`;
